West of House --> north --> North of House
North of House --> north --> Forest Path
Forest Path --> south --> North of House
North of House --> east --> Behind House
Behind House --> west --> Kitchen
Kitchen --> west --> Living Room
Living Room --> east --> Kitchen
Kitchen --> west --> Living Room
Living Room --> north --> The Troll Room
The Troll Room --> east --> East-West Passage
East-West Passage --> east --> Round Room
Round Room --> southeast --> Engravings Cave
Engravings Cave --> east --> Dome Room
Dome Room --> south --> Altar
Altar --> north --> Temple
Temple --> east --> Egyptian Room
Egyptian Room --> west --> Temple
Temple --> south --> Altar
Altar --> east --> Forest Path
Forest Path --> south --> North of House
North of House --> east --> Behind House
Behind House --> west --> Kitchen
Kitchen --> west --> Living Room
Living Room --> north --> The Troll Room
The Troll Room --> east --> East-West Passage
East-West Passage --> east --> Round Room
Round Room --> southeast --> Engravings Cave
Engravings Cave --> east --> Dome Room
Dome Room --> south --> Altar
Altar --> east --> Forest Path
Forest Path --> south --> North of House
North of House --> east --> Behind House
Behind House --> west --> Kitchen
Kitchen --> west --> Living Room
Living Room --> south --> East of Chasm
East of Chasm --> east --> Gallery
Gallery --> west --> East of Chasm
East of Chasm --> north --> Cellar
Cellar --> north --> The Troll Room
The Troll Room --> east --> East-West Passage
East-West Passage --> east --> Round Room
Round Room --> east --> Loud Room
Loud Room --> east --> Dam
Dam --> north --> Dam Lobby
Dam Lobby --> south --> Dam
Dam --> south --> Deep Canyon
Deep Canyon --> west --> Round Room
Round Room --> south --> Narrow Passage
Narrow Passage --> south --> Mirror Room
Mirror Room --> east --> Cave
Cave --> south --> Land of the Dead
Land of the Dead --> north --> Entrance to Hades
Entrance to Hades --> north --> Mirror Room
Mirror Room --> north --> Narrow Passage
Narrow Passage --> north --> Round Room
Round Room --> west --> East-West Passage
East-West Passage --> west --> The Troll Room
The Troll Room --> south --> Cellar
Cellar --> north --> The Troll Room
The Troll Room --> west --> Maze
Maze --> west --> Maze
Maze --> west --> Maze
Maze --> southwest --> Maze
Maze --> east --> Maze
Maze --> south --> Maze
Maze --> southeast --> Cyclops Room
Cyclops Room --> east --> Strange Passage
Strange Passage --> east --> Living Room
Living Room --> north --> The Troll Room
The Troll Room --> east --> East-West Passage
East-West Passage --> east --> Round Room
Round Room --> north --> North-South Passage
North-South Passage --> northeast --> Deep Canyon
Deep Canyon --> east --> Dam
Dam --> north --> Dam Lobby
Dam Lobby --> north --> Maintenance Room
Maintenance Room --> south --> Dam Lobby
Dam Lobby --> south --> Dam
Dam --> west --> Reservoir South
Reservoir South --> west --> Stream View
Stream View --> east --> Reservoir South
Reservoir South --> southwest --> Chasm
Chasm --> south --> North-South Passage
North-South Passage --> south --> Round Room
Round Room --> west --> East-West Passage
East-West Passage --> west --> The Troll Room
The Troll Room --> south --> Cellar
Cellar --> north --> The Troll Room
The Troll Room --> east --> East-West Passage
East-West Passage --> east --> Round Room
Round Room --> south --> Narrow Passage
Narrow Passage --> south --> Mirror Room
Mirror Room --> east --> Cave
Cave --> south --> Reservoir North
Reservoir North --> south --> Reservoir
Reservoir --> south --> Reservoir South
Reservoir South --> southwest --> Chasm
Chasm --> south --> North-South Passage
North-South Passage --> south --> Round Room
Round Room --> west --> East-West Passage
East-West Passage --> west --> The Troll Room
The Troll Room --> south --> Cellar
Cellar --> north --> The Troll Room
The Troll Room --> east --> East-West Passage
East-West Passage --> east --> Round Room
Round Room --> east --> Loud Room
Loud Room --> east --> Damp Cave
Damp Cave --> east --> White Cliffs Beach
White Cliffs Beach --> north --> Sandy Beach
Sandy Beach --> northeast --> Sandy Cave
Sandy Cave --> southwest --> Sandy Beach
Sandy Beach --> south --> Shore
Shore --> south --> Aragain Falls
Aragain Falls --> west --> On the Rainbow
On the Rainbow --> west --> End of Rainbow
End of Rainbow --> southwest --> Canyon Bottom
Canyon Bottom --> northwest --> Clearing
Clearing --> west --> Behind House
Behind House --> west --> Kitchen
Kitchen --> west --> Living Room
Living Room --> west --> Strange Passage
Strange Passage --> west --> Cyclops Room
Cyclops Room --> east --> Strange Passage
Strange Passage --> east --> Living Room
Living Room --> east --> Kitchen
Kitchen --> east --> Behind House
Behind House --> north --> North of House
North of House --> north --> Forest Path
Forest Path --> east --> Forest
Forest --> west --> Forest Path
Forest Path --> south --> North of House
North of House --> east --> Behind House
Behind House --> west --> Kitchen
Kitchen --> west --> Living Room
Living Room --> north --> The Troll Room
The Troll Room --> east --> East-West Passage
East-West Passage --> east --> Round Room
Round Room --> south --> Narrow Passage
Narrow Passage --> south --> Mirror Room
Mirror Room --> north --> Cold Passage
Cold Passage --> west --> Slide Room
Slide Room --> north --> Mine Entrance
Mine Entrance --> west --> Squeaky Room
Squeaky Room --> north --> Bat Room
Bat Room --> east --> Shaft Room
Shaft Room --> north --> Smelly Room
Smelly Room --> east --> Coal Mine
Coal Mine --> northeast --> Coal Mine
Coal Mine --> southeast --> Coal Mine
Coal Mine --> southwest --> Coal Mine
Coal Mine --> south --> Dead End
Dead End --> north --> Ladder Bottom
Ladder Bottom --> north --> Coal Mine
Coal Mine --> east --> Coal Mine
Coal Mine --> south --> Coal Mine
Coal Mine --> north --> Gas Room
Gas Room --> south --> Shaft Room
Shaft Room --> north --> Smelly Room
Smelly Room --> east --> Coal Mine
Coal Mine --> northeast --> Coal Mine
Coal Mine --> southeast --> Coal Mine
Coal Mine --> southwest --> Coal Mine
Coal Mine --> west --> Timber Room
Timber Room --> west --> Drafty Room
Drafty Room --> south --> Machine Room
Machine Room --> north --> Drafty Room
Drafty Room --> east --> Timber Room
Timber Room --> east --> Ladder Bottom
Ladder Bottom --> north --> Coal Mine
Coal Mine --> east --> Coal Mine
Coal Mine --> south --> Coal Mine
Coal Mine --> north --> Gas Room
Gas Room --> south --> Shaft Room
Shaft Room --> west --> Bat Room
Bat Room --> south --> Squeaky Room
Squeaky Room --> east --> Mine Entrance
Mine Entrance --> south --> Slide Room
Slide Room --> west --> Strange Passage
Strange Passage --> west --> Cyclops Room
Cyclops Room --> east --> Strange Passage
Strange Passage --> east --> Living Room
Living Room --> east --> Kitchen
Kitchen --> east --> Behind House
Behind House --> north --> North of House
North of House --> west --> West of House
West of House --> southwest --> Stone Barrow
Stone Barrow --> west --> Inside the Barrow
