beginning location --> east --> Small Path
Small Path --> south --> Fork in Path
Fork in Path --> southwest --> End of Path
End of Path --> northeast --> Fork in Path
Fork in Path --> southeast --> End of Path
End of Path --> northwest --> Fork in Path
Fork in Path --> north --> Small Path
Small Path --> east --> Canyon Entrance
Canyon Entrance --> east --> Canyon Path
Canyon Path --> north --> Small Clearing
Small Clearing --> south --> Canyon Path
Canyon Path --> west --> Canyon Entrance
Canyon Entrance --> northwest --> Endless Beach
Endless Beach --> north --> Ocean
Ocean --> north --> Island Coast
Island Coast --> north --> Sandy Beach
Sandy Beach --> south --> Island Coast
Island Coast --> push rock --> Cylindrical Room
Cylindrical Room --> southeast --> Giant Cavern
Giant Cavern --> northeast --> Small Cavern
Small Cavern --> southeast --> Twisting Passageway
Twisting Passageway --> north --> Blue Ridge Mountain Sports
Blue Ridge Mountain Sports --> east --> Dirt Cave
Dirt Cave --> west --> Blue Ridge Mountain Sports
Blue Ridge Mountain Sports --> south --> Twisting Passageway
Twisting Passageway --> southeast --> Intersection
Intersection --> southeast --> East Path
East Path --> southwest --> South Lake
South Lake --> southeast --> Chilly Corridor
Chilly Corridor --> southeast --> Ice Room
Ice Room --> northwest --> Chilly Corridor
Chilly Corridor --> southwest --> Rice Room
Rice Room --> north --> Musty Corridor
Musty Corridor --> north --> South Lake
South Lake --> northwest --> West Path
West Path --> west --> Guardian Chamber
Guardian Chamber --> west --> Jeweled Room
Jeweled Room --> east --> Guardian Chamber
Guardian Chamber --> east --> West Path
West Path --> northeast --> Intersection
Intersection --> northwest --> Slimy Passageway
Slimy Passageway --> north --> Giant Cavern
Giant Cavern --> northeast --> Small Cavern
Small Cavern --> north --> Organ Room
Organ Room --> south --> Small Cavern
Small Cavern --> southwest --> Giant Cavern
Giant Cavern --> west --> Cold Passage
Cold Passage --> west --> Ledge
