West of House --> south --> South of House
South of House --> east --> Behind House
Behind House --> west --> Kitchen
Kitchen --> west --> Living Room
Living Room --> down --> Cellar
Cellar --> south --> East of Chasm
East of Chasm --> east --> Gallery
Gallery --> north --> Studio
Studio --> up --> Kitchen
Kitchen --> up --> Attic
Attic --> down --> Kitchen
Kitchen --> west --> Living Room
Living Room --> down --> Cellar
Cellar --> north --> The Troll Room
The Troll Room --> east --> East-West Passage
East-West Passage --> east --> Round Room
Round Room --> southeast --> Engravings Cave
Engravings Cave --> east --> Dome Room
Dome Room --> down --> Torch Room
Torch Room --> south --> Temple
Temple --> east --> Egyptian Room
Egyptian Room --> west --> Temple
Temple --> south --> Altar
Altar --> pray --> Forest
Forest --> south --> Forest
Forest --> north --> Clearing
Clearing --> east --> Canyon View
Canyon View --> down --> Rocky Ledge
Rocky Ledge --> down --> Canyon Bottom
Canyon Bottom --> north --> End of Rainbow
End of Rainbow --> southwest --> Canyon Bottom
Canyon Bottom --> up --> Rocky Ledge
Rocky Ledge --> up --> Canyon View
Canyon View --> northwest --> Clearing
Clearing --> west --> Behind House
Behind House --> west --> Kitchen
Kitchen --> west --> Living Room
