West of House --> S --> South of House
South of House --> E --> Behind House
Behind House --> W --> Kitchen
Kitchen --> W --> Living Room
Living Room --> D --> Cellar
Cellar --> S --> East of Chasm
East of Chasm --> E --> Gallery
Gallery --> N --> Studio
Studio --> U --> Kitchen
Kitchen --> U --> Attic
Attic --> D --> Kitchen
Kitchen --> W --> Living Room
Living Room --> D --> Cellar
Cellar --> N --> The Troll Room
The Troll Room --> E --> East-West Passage
East-West Passage --> E --> Round Room
Round Room --> SE --> Engravings Cave
Engravings Cave --> E --> Dome Room
Dome Room --> D --> Torch Room
Torch Room --> S --> Temple
Temple --> E --> Egyptian Room
Egyptian Room --> W --> Temple
Temple --> S --> Altar
Altar --> pray --> Forest
Forest --> S --> Forest
Forest --> N --> Clearing
Clearing --> E --> Canyon View
Canyon View --> D --> Rocky Ledge
Rocky Ledge --> D --> Canyon Bottom
Canyon Bottom --> N --> End of Rainbow
End of Rainbow --> SW --> Canyon Bottom
Canyon Bottom --> U --> Rocky Ledge
Rocky Ledge --> U --> Canyon View
Canyon View --> NW --> Clearing
Clearing --> W --> Behind House
Behind House --> W --> Kitchen
Kitchen --> W --> Living Room
